// Jest Snapshot v1, https://goo.gl/fbAQLP

exports[`VideoStatistics tests should match snapshot 1`] = `
"<div className=\\"flex flex-col gap-y-3.5 text-black dark:text-gray-100 leading-5 \\">
  <button aria-label=\\"Likes\\" className=\\"relative w-16 h-16 bg-gray-100 dark:bg-gray-600 rounded-full border-l-2 border-t-2 border-black dark:border-gray-100 transition-colors duration-100 hover:opacity-80\\">
    <FontAwesomeIcon className=\\"text-md\\" icon={{...}} border={false} mask={{...}} fixedWidth={false} inverse={false} flip={{...}} listItem={false} pull={{...}} pulse={false} rotation={{...}} size={{...}} spin={false} symbol={false} title=\\"\\" transform={{...}} swapOpacity={false} />
    <br />
    <span>
      50
    </span>
  </button>
  <button aria-label=\\"Comments\\" className=\\"relative w-16 h-16 bg-gray-100 dark:bg-gray-600 rounded-full border-l-2 border-t-2 border-black dark:border-gray-100 transition-colors duration-100 hover:opacity-80\\">
    <FontAwesomeIcon className=\\"text-md\\" icon={{...}} border={false} mask={{...}} fixedWidth={false} inverse={false} flip={{...}} listItem={false} pull={{...}} pulse={false} rotation={{...}} size={{...}} spin={false} symbol={false} title=\\"\\" transform={{...}} swapOpacity={false} />
    <br />
    <span>
      100
    </span>
  </button>
</div>"
`;
